MPLINK 5.08, LINKER
Linker Map File - Created Tue Oct 27 21:34:18 2020

                                 Section Info
                  Section       Type    Address   Location Size(Bytes)
                ---------  ---------  ---------  ---------  ---------
                 RES_VECT       code   0x000000    program   0x000002
                   .cinit    romdata   0x000001    program   0x000004
               ISR_VECTOR       code   0x000004    program   0x0000be
                MAIN_PROG       code   0x000100    program   0x0001a4
.config_2007_BUILD/DEFAULT/PRODUCTION/DIBUJO.       code   0x002007    program   0x000002
.config_2008_BUILD/DEFAULT/PRODUCTION/DIBUJO.       code   0x002008    program   0x000002
                  GPR_VAR      udata   0x000020       data   0x000015



                              Program Memory Usage 
                               Start         End      
                           ---------   ---------      
                            0x000000    0x000002      
                            0x000004    0x000062      
                            0x000100    0x0001d1      
                            0x002007    0x002008      
            310 out of 8455 program addresses used, program memory utilization is 3%



                              Symbols - Sorted by Name
                     Name    Address   Location    Storage File                     
                ---------  ---------  ---------  --------- ---------                
               BANDERA_RX   0x000016    program     static E:\UVG\Semestre 4\Micros\Proyecto_Etch_a_Sketch\Proyecto_Sketch.X\Dibujo.asm
           BANDERA_TIMER0   0x000011    program     static E:\UVG\Semestre 4\Micros\Proyecto_Etch_a_Sketch\Proyecto_Sketch.X\Dibujo.asm
        CONFIGURACION_ADC   0x0001a6    program     static E:\UVG\Semestre 4\Micros\Proyecto_Etch_a_Sketch\Proyecto_Sketch.X\Dibujo.asm
       CONFIGURACION_BASE   0x00017c    program     static E:\UVG\Semestre 4\Micros\Proyecto_Etch_a_Sketch\Proyecto_Sketch.X\Dibujo.asm
CONFIGURACION_INTERRUPCION   0x00019c    program     static E:\UVG\Semestre 4\Micros\Proyecto_Etch_a_Sketch\Proyecto_Sketch.X\Dibujo.asm
         CONFIGURACION_RX   0x0001c4    program     static E:\UVG\Semestre 4\Micros\Proyecto_Etch_a_Sketch\Proyecto_Sketch.X\Dibujo.asm
     CONFIGURACION_TIMER0   0x000194    program     static E:\UVG\Semestre 4\Micros\Proyecto_Etch_a_Sketch\Proyecto_Sketch.X\Dibujo.asm
    CONFIGURACION_TX_9600   0x0001b3    program     static E:\UVG\Semestre 4\Micros\Proyecto_Etch_a_Sketch\Proyecto_Sketch.X\Dibujo.asm
             CONVERSIONES   0x000051    program     static E:\UVG\Semestre 4\Micros\Proyecto_Etch_a_Sketch\Proyecto_Sketch.X\Dibujo.asm
           CONVERSION_ADC   0x000130    program     static E:\UVG\Semestre 4\Micros\Proyecto_Etch_a_Sketch\Proyecto_Sketch.X\Dibujo.asm
                       CX   0x000112    program     static E:\UVG\Semestre 4\Micros\Proyecto_Etch_a_Sketch\Proyecto_Sketch.X\Dibujo.asm
                       CY   0x000121    program     static E:\UVG\Semestre 4\Micros\Proyecto_Etch_a_Sketch\Proyecto_Sketch.X\Dibujo.asm
                    DELAY   0x00016a    program     static E:\UVG\Semestre 4\Micros\Proyecto_Etch_a_Sketch\Proyecto_Sketch.X\Dibujo.asm
                DELAY_BIG   0x00016f    program     static E:\UVG\Semestre 4\Micros\Proyecto_Etch_a_Sketch\Proyecto_Sketch.X\Dibujo.asm
                  DISPLAY   0x00010c    program     static E:\UVG\Semestre 4\Micros\Proyecto_Etch_a_Sketch\Proyecto_Sketch.X\Dibujo.asm
                  ERRONEO   0x00003d    program     static E:\UVG\Semestre 4\Micros\Proyecto_Etch_a_Sketch\Proyecto_Sketch.X\Dibujo.asm
                      ISR   0x000008    program     static E:\UVG\Semestre 4\Micros\Proyecto_Etch_a_Sketch\Proyecto_Sketch.X\Dibujo.asm
         LIMPIA_VARIABLES   0x0001ca    program     static E:\UVG\Semestre 4\Micros\Proyecto_Etch_a_Sketch\Proyecto_Sketch.X\Dibujo.asm
                     LOOP   0x000107    program     static E:\UVG\Semestre 4\Micros\Proyecto_Etch_a_Sketch\Proyecto_Sketch.X\Dibujo.asm
                 NIB_SEPX   0x000149    program     static E:\UVG\Semestre 4\Micros\Proyecto_Etch_a_Sketch\Proyecto_Sketch.X\Dibujo.asm
                 NIB_SEPY   0x00014e    program     static E:\UVG\Semestre 4\Micros\Proyecto_Etch_a_Sketch\Proyecto_Sketch.X\Dibujo.asm
                     OP0X   0x000114    program     static E:\UVG\Semestre 4\Micros\Proyecto_Etch_a_Sketch\Proyecto_Sketch.X\Dibujo.asm
                     OP0Y   0x000123    program     static E:\UVG\Semestre 4\Micros\Proyecto_Etch_a_Sketch\Proyecto_Sketch.X\Dibujo.asm
                     OP1X   0x00011a    program     static E:\UVG\Semestre 4\Micros\Proyecto_Etch_a_Sketch\Proyecto_Sketch.X\Dibujo.asm
                     OP1Y   0x000129    program     static E:\UVG\Semestre 4\Micros\Proyecto_Etch_a_Sketch\Proyecto_Sketch.X\Dibujo.asm
                      POP   0x00000c    program     static E:\UVG\Semestre 4\Micros\Proyecto_Etch_a_Sketch\Proyecto_Sketch.X\Dibujo.asm
                     PUSH   0x000004    program     static E:\UVG\Semestre 4\Micros\Proyecto_Etch_a_Sketch\Proyecto_Sketch.X\Dibujo.asm
                RUTINA_TX   0x000153    program     static E:\UVG\Semestre 4\Micros\Proyecto_Etch_a_Sketch\Proyecto_Sketch.X\Dibujo.asm
                    SETUP   0x000100    program     static E:\UVG\Semestre 4\Micros\Proyecto_Etch_a_Sketch\Proyecto_Sketch.X\Dibujo.asm
                    START   0x000100    program     static E:\UVG\Semestre 4\Micros\Proyecto_Etch_a_Sketch\Proyecto_Sketch.X\Dibujo.asm
                    TABLA   0x00003f    program     static E:\UVG\Semestre 4\Micros\Proyecto_Etch_a_Sketch\Proyecto_Sketch.X\Dibujo.asm
             VERIFICACION   0x000027    program     static E:\UVG\Semestre 4\Micros\Proyecto_Etch_a_Sketch\Proyecto_Sketch.X\Dibujo.asm
          _MAIN_PROG_0137   0x000137    program     static E:\UVG\Semestre 4\Micros\Proyecto_Etch_a_Sketch\Proyecto_Sketch.X\Dibujo.asm
          _MAIN_PROG_0143   0x000143    program     static E:\UVG\Semestre 4\Micros\Proyecto_Etch_a_Sketch\Proyecto_Sketch.X\Dibujo.asm
          _MAIN_PROG_016D   0x00016d    program     static E:\UVG\Semestre 4\Micros\Proyecto_Etch_a_Sketch\Proyecto_Sketch.X\Dibujo.asm
          _MAIN_PROG_0172   0x000172    program     static E:\UVG\Semestre 4\Micros\Proyecto_Etch_a_Sketch\Proyecto_Sketch.X\Dibujo.asm
          _MAIN_PROG_0176   0x000176    program     static E:\UVG\Semestre 4\Micros\Proyecto_Etch_a_Sketch\Proyecto_Sketch.X\Dibujo.asm
          _MAIN_PROG_017A   0x00017a    program     static E:\UVG\Semestre 4\Micros\Proyecto_Etch_a_Sketch\Proyecto_Sketch.X\Dibujo.asm
                    CONT1   0x000034       data     static E:\UVG\Semestre 4\Micros\Proyecto_Etch_a_Sketch\Proyecto_Sketch.X\Dibujo.asm
                 CUENTARX   0x000033       data     static E:\UVG\Semestre 4\Micros\Proyecto_Etch_a_Sketch\Proyecto_Sketch.X\Dibujo.asm
               DISPLAY_HX   0x000029       data     static E:\UVG\Semestre 4\Micros\Proyecto_Etch_a_Sketch\Proyecto_Sketch.X\Dibujo.asm
               DISPLAY_HY   0x00002b       data     static E:\UVG\Semestre 4\Micros\Proyecto_Etch_a_Sketch\Proyecto_Sketch.X\Dibujo.asm
               DISPLAY_LX   0x00002a       data     static E:\UVG\Semestre 4\Micros\Proyecto_Etch_a_Sketch\Proyecto_Sketch.X\Dibujo.asm
               DISPLAY_LY   0x00002c       data     static E:\UVG\Semestre 4\Micros\Proyecto_Etch_a_Sketch\Proyecto_Sketch.X\Dibujo.asm
                     FLAG   0x000022       data     static E:\UVG\Semestre 4\Micros\Proyecto_Etch_a_Sketch\Proyecto_Sketch.X\Dibujo.asm
                     RXB0   0x00002d       data     static E:\UVG\Semestre 4\Micros\Proyecto_Etch_a_Sketch\Proyecto_Sketch.X\Dibujo.asm
                     RXB1   0x00002e       data     static E:\UVG\Semestre 4\Micros\Proyecto_Etch_a_Sketch\Proyecto_Sketch.X\Dibujo.asm
                     RXB2   0x00002f       data     static E:\UVG\Semestre 4\Micros\Proyecto_Etch_a_Sketch\Proyecto_Sketch.X\Dibujo.asm
                     RXB3   0x000030       data     static E:\UVG\Semestre 4\Micros\Proyecto_Etch_a_Sketch\Proyecto_Sketch.X\Dibujo.asm
                     RXB4   0x000031       data     static E:\UVG\Semestre 4\Micros\Proyecto_Etch_a_Sketch\Proyecto_Sketch.X\Dibujo.asm
                     RXB5   0x000032       data     static E:\UVG\Semestre 4\Micros\Proyecto_Etch_a_Sketch\Proyecto_Sketch.X\Dibujo.asm
              STATUS_TEMP   0x000021       data     static E:\UVG\Semestre 4\Micros\Proyecto_Etch_a_Sketch\Proyecto_Sketch.X\Dibujo.asm
                   W_TEMP   0x000020       data     static E:\UVG\Semestre 4\Micros\Proyecto_Etch_a_Sketch\Proyecto_Sketch.X\Dibujo.asm
                        X   0x000023       data     static E:\UVG\Semestre 4\Micros\Proyecto_Etch_a_Sketch\Proyecto_Sketch.X\Dibujo.asm
                       XH   0x000025       data     static E:\UVG\Semestre 4\Micros\Proyecto_Etch_a_Sketch\Proyecto_Sketch.X\Dibujo.asm
                       XL   0x000027       data     static E:\UVG\Semestre 4\Micros\Proyecto_Etch_a_Sketch\Proyecto_Sketch.X\Dibujo.asm
                        Y   0x000024       data     static E:\UVG\Semestre 4\Micros\Proyecto_Etch_a_Sketch\Proyecto_Sketch.X\Dibujo.asm
                       YH   0x000026       data     static E:\UVG\Semestre 4\Micros\Proyecto_Etch_a_Sketch\Proyecto_Sketch.X\Dibujo.asm
                       YL   0x000028       data     static E:\UVG\Semestre 4\Micros\Proyecto_Etch_a_Sketch\Proyecto_Sketch.X\Dibujo.asm



                              Symbols - Sorted by Address
                     Name    Address   Location    Storage File                     
                ---------  ---------  ---------  --------- ---------                
                     PUSH   0x000004    program     static E:\UVG\Semestre 4\Micros\Proyecto_Etch_a_Sketch\Proyecto_Sketch.X\Dibujo.asm
                      ISR   0x000008    program     static E:\UVG\Semestre 4\Micros\Proyecto_Etch_a_Sketch\Proyecto_Sketch.X\Dibujo.asm
                      POP   0x00000c    program     static E:\UVG\Semestre 4\Micros\Proyecto_Etch_a_Sketch\Proyecto_Sketch.X\Dibujo.asm
           BANDERA_TIMER0   0x000011    program     static E:\UVG\Semestre 4\Micros\Proyecto_Etch_a_Sketch\Proyecto_Sketch.X\Dibujo.asm
               BANDERA_RX   0x000016    program     static E:\UVG\Semestre 4\Micros\Proyecto_Etch_a_Sketch\Proyecto_Sketch.X\Dibujo.asm
             VERIFICACION   0x000027    program     static E:\UVG\Semestre 4\Micros\Proyecto_Etch_a_Sketch\Proyecto_Sketch.X\Dibujo.asm
                  ERRONEO   0x00003d    program     static E:\UVG\Semestre 4\Micros\Proyecto_Etch_a_Sketch\Proyecto_Sketch.X\Dibujo.asm
                    TABLA   0x00003f    program     static E:\UVG\Semestre 4\Micros\Proyecto_Etch_a_Sketch\Proyecto_Sketch.X\Dibujo.asm
             CONVERSIONES   0x000051    program     static E:\UVG\Semestre 4\Micros\Proyecto_Etch_a_Sketch\Proyecto_Sketch.X\Dibujo.asm
                    START   0x000100    program     static E:\UVG\Semestre 4\Micros\Proyecto_Etch_a_Sketch\Proyecto_Sketch.X\Dibujo.asm
                    SETUP   0x000100    program     static E:\UVG\Semestre 4\Micros\Proyecto_Etch_a_Sketch\Proyecto_Sketch.X\Dibujo.asm
                     LOOP   0x000107    program     static E:\UVG\Semestre 4\Micros\Proyecto_Etch_a_Sketch\Proyecto_Sketch.X\Dibujo.asm
                  DISPLAY   0x00010c    program     static E:\UVG\Semestre 4\Micros\Proyecto_Etch_a_Sketch\Proyecto_Sketch.X\Dibujo.asm
                       CX   0x000112    program     static E:\UVG\Semestre 4\Micros\Proyecto_Etch_a_Sketch\Proyecto_Sketch.X\Dibujo.asm
                     OP0X   0x000114    program     static E:\UVG\Semestre 4\Micros\Proyecto_Etch_a_Sketch\Proyecto_Sketch.X\Dibujo.asm
                     OP1X   0x00011a    program     static E:\UVG\Semestre 4\Micros\Proyecto_Etch_a_Sketch\Proyecto_Sketch.X\Dibujo.asm
                       CY   0x000121    program     static E:\UVG\Semestre 4\Micros\Proyecto_Etch_a_Sketch\Proyecto_Sketch.X\Dibujo.asm
                     OP0Y   0x000123    program     static E:\UVG\Semestre 4\Micros\Proyecto_Etch_a_Sketch\Proyecto_Sketch.X\Dibujo.asm
                     OP1Y   0x000129    program     static E:\UVG\Semestre 4\Micros\Proyecto_Etch_a_Sketch\Proyecto_Sketch.X\Dibujo.asm
           CONVERSION_ADC   0x000130    program     static E:\UVG\Semestre 4\Micros\Proyecto_Etch_a_Sketch\Proyecto_Sketch.X\Dibujo.asm
          _MAIN_PROG_0137   0x000137    program     static E:\UVG\Semestre 4\Micros\Proyecto_Etch_a_Sketch\Proyecto_Sketch.X\Dibujo.asm
          _MAIN_PROG_0143   0x000143    program     static E:\UVG\Semestre 4\Micros\Proyecto_Etch_a_Sketch\Proyecto_Sketch.X\Dibujo.asm
                 NIB_SEPX   0x000149    program     static E:\UVG\Semestre 4\Micros\Proyecto_Etch_a_Sketch\Proyecto_Sketch.X\Dibujo.asm
                 NIB_SEPY   0x00014e    program     static E:\UVG\Semestre 4\Micros\Proyecto_Etch_a_Sketch\Proyecto_Sketch.X\Dibujo.asm
                RUTINA_TX   0x000153    program     static E:\UVG\Semestre 4\Micros\Proyecto_Etch_a_Sketch\Proyecto_Sketch.X\Dibujo.asm
                    DELAY   0x00016a    program     static E:\UVG\Semestre 4\Micros\Proyecto_Etch_a_Sketch\Proyecto_Sketch.X\Dibujo.asm
          _MAIN_PROG_016D   0x00016d    program     static E:\UVG\Semestre 4\Micros\Proyecto_Etch_a_Sketch\Proyecto_Sketch.X\Dibujo.asm
                DELAY_BIG   0x00016f    program     static E:\UVG\Semestre 4\Micros\Proyecto_Etch_a_Sketch\Proyecto_Sketch.X\Dibujo.asm
          _MAIN_PROG_0172   0x000172    program     static E:\UVG\Semestre 4\Micros\Proyecto_Etch_a_Sketch\Proyecto_Sketch.X\Dibujo.asm
          _MAIN_PROG_0176   0x000176    program     static E:\UVG\Semestre 4\Micros\Proyecto_Etch_a_Sketch\Proyecto_Sketch.X\Dibujo.asm
          _MAIN_PROG_017A   0x00017a    program     static E:\UVG\Semestre 4\Micros\Proyecto_Etch_a_Sketch\Proyecto_Sketch.X\Dibujo.asm
       CONFIGURACION_BASE   0x00017c    program     static E:\UVG\Semestre 4\Micros\Proyecto_Etch_a_Sketch\Proyecto_Sketch.X\Dibujo.asm
     CONFIGURACION_TIMER0   0x000194    program     static E:\UVG\Semestre 4\Micros\Proyecto_Etch_a_Sketch\Proyecto_Sketch.X\Dibujo.asm
CONFIGURACION_INTERRUPCION   0x00019c    program     static E:\UVG\Semestre 4\Micros\Proyecto_Etch_a_Sketch\Proyecto_Sketch.X\Dibujo.asm
        CONFIGURACION_ADC   0x0001a6    program     static E:\UVG\Semestre 4\Micros\Proyecto_Etch_a_Sketch\Proyecto_Sketch.X\Dibujo.asm
    CONFIGURACION_TX_9600   0x0001b3    program     static E:\UVG\Semestre 4\Micros\Proyecto_Etch_a_Sketch\Proyecto_Sketch.X\Dibujo.asm
         CONFIGURACION_RX   0x0001c4    program     static E:\UVG\Semestre 4\Micros\Proyecto_Etch_a_Sketch\Proyecto_Sketch.X\Dibujo.asm
         LIMPIA_VARIABLES   0x0001ca    program     static E:\UVG\Semestre 4\Micros\Proyecto_Etch_a_Sketch\Proyecto_Sketch.X\Dibujo.asm
                   W_TEMP   0x000020       data     static E:\UVG\Semestre 4\Micros\Proyecto_Etch_a_Sketch\Proyecto_Sketch.X\Dibujo.asm
              STATUS_TEMP   0x000021       data     static E:\UVG\Semestre 4\Micros\Proyecto_Etch_a_Sketch\Proyecto_Sketch.X\Dibujo.asm
                     FLAG   0x000022       data     static E:\UVG\Semestre 4\Micros\Proyecto_Etch_a_Sketch\Proyecto_Sketch.X\Dibujo.asm
                        X   0x000023       data     static E:\UVG\Semestre 4\Micros\Proyecto_Etch_a_Sketch\Proyecto_Sketch.X\Dibujo.asm
                        Y   0x000024       data     static E:\UVG\Semestre 4\Micros\Proyecto_Etch_a_Sketch\Proyecto_Sketch.X\Dibujo.asm
                       XH   0x000025       data     static E:\UVG\Semestre 4\Micros\Proyecto_Etch_a_Sketch\Proyecto_Sketch.X\Dibujo.asm
                       YH   0x000026       data     static E:\UVG\Semestre 4\Micros\Proyecto_Etch_a_Sketch\Proyecto_Sketch.X\Dibujo.asm
                       XL   0x000027       data     static E:\UVG\Semestre 4\Micros\Proyecto_Etch_a_Sketch\Proyecto_Sketch.X\Dibujo.asm
                       YL   0x000028       data     static E:\UVG\Semestre 4\Micros\Proyecto_Etch_a_Sketch\Proyecto_Sketch.X\Dibujo.asm
               DISPLAY_HX   0x000029       data     static E:\UVG\Semestre 4\Micros\Proyecto_Etch_a_Sketch\Proyecto_Sketch.X\Dibujo.asm
               DISPLAY_LX   0x00002a       data     static E:\UVG\Semestre 4\Micros\Proyecto_Etch_a_Sketch\Proyecto_Sketch.X\Dibujo.asm
               DISPLAY_HY   0x00002b       data     static E:\UVG\Semestre 4\Micros\Proyecto_Etch_a_Sketch\Proyecto_Sketch.X\Dibujo.asm
               DISPLAY_LY   0x00002c       data     static E:\UVG\Semestre 4\Micros\Proyecto_Etch_a_Sketch\Proyecto_Sketch.X\Dibujo.asm
                     RXB0   0x00002d       data     static E:\UVG\Semestre 4\Micros\Proyecto_Etch_a_Sketch\Proyecto_Sketch.X\Dibujo.asm
                     RXB1   0x00002e       data     static E:\UVG\Semestre 4\Micros\Proyecto_Etch_a_Sketch\Proyecto_Sketch.X\Dibujo.asm
                     RXB2   0x00002f       data     static E:\UVG\Semestre 4\Micros\Proyecto_Etch_a_Sketch\Proyecto_Sketch.X\Dibujo.asm
                     RXB3   0x000030       data     static E:\UVG\Semestre 4\Micros\Proyecto_Etch_a_Sketch\Proyecto_Sketch.X\Dibujo.asm
                     RXB4   0x000031       data     static E:\UVG\Semestre 4\Micros\Proyecto_Etch_a_Sketch\Proyecto_Sketch.X\Dibujo.asm
                     RXB5   0x000032       data     static E:\UVG\Semestre 4\Micros\Proyecto_Etch_a_Sketch\Proyecto_Sketch.X\Dibujo.asm
                 CUENTARX   0x000033       data     static E:\UVG\Semestre 4\Micros\Proyecto_Etch_a_Sketch\Proyecto_Sketch.X\Dibujo.asm
                    CONT1   0x000034       data     static E:\UVG\Semestre 4\Micros\Proyecto_Etch_a_Sketch\Proyecto_Sketch.X\Dibujo.asm


